
> travel-platform@0.1.0 build
> next build

▲ Next.js 16.2.5 (Turbopack)
- Environments: .env

  Creating an optimized production build ...
✓ Compiled successfully in 2.5s
  Running TypeScript ...
  Finished TypeScript in 2.4s ...
  Collecting page data using 11 workers ...
  Generating static pages using 11 workers (0/12) ...
  Generating static pages using 11 workers (3/12) 
  Generating static pages using 11 workers (6/12) 
  Generating static pages using 11 workers (9/12) 
✓ Generating static pages using 11 workers (12/12) in 307ms
  Finalizing page optimization ...

Route (app)
┌ ○ /
├ ○ /_not-found
├ ○ /admin/dashboard
├ ƒ /api/auth/login
├ ƒ /api/auth/logout
├ ƒ /api/auth/register
├ ƒ /api/auth/session
├ ○ /editor
├ ○ /planner/dashboard
├ ○ /signup-loggin/log-sign
└ ○ /traveler/dashboard


○  (Static)   prerendered as static content
ƒ  (Dynamic)  server-rendered on demand

